// Jest Snapshot v1, https://goo.gl/fbAQLP

exports[`GifExpertApp Tests should match with snapshot 1`] = `
<div>
  <h1>
    GifExpertApp
  </h1>
  <form
    aria-label="form"
  >
    <input
      placeholder="Gifs Search"
      type="text"
      value=""
    />
  </form>
  <h3>
    anderson paak
  </h3>
  <h2>
    Loading . . .
  </h2>
  <div
    class="card-grid"
  />
</div>
`;
